2013-01-15 14:49:27  30178 00100 SYS starting t_ctl_000
